module foo;

import spicy;
import spicy; # With comment.

global x = 1;
local y = 1;
{
    local z = spicy::zlib_init(-15); # Negative for deflating raw data, 15 maximum window size.
}

x == y; # A.
x != y; # B.

1; # 1.
2;
-3;
+1;

[i for i in [1, 2, 3, 4, 5]];

const c = 42;

1;
assert True;
assert True : "foo";
assert-exception 1 : "foo";

True ? 1 : 2;

a += "";
a -= "";
a *= "";
a /= "";

"%s" % a;

!1;
1 && 1;
1 || 1;

1 + 1;
1 - 1;
1 * 1;
1 / 1;

1 > 1;
1 < 1;
1 >= 1;
1 <= 1;

1 & 1;
1 | 1;
1 ^ 1;

*spicy::getenv("FOO");
*spicy::getenv("FOO");

add xs[1];
delete xs[1];
